 -0.49750000000000000       -7.7198047359220798E-002  0.26760942052058795       0.25846470944023775     
 -0.49249999999999999       -7.9085763402836129E-002  0.23790829356157539       0.26465743623716514     
 -0.48749999999999999       -8.0723960038752998E-002  0.20863085674728496       0.27451306352071270     
 -0.48249999999999998       -8.2132384476030190E-002  0.17964845488632858       0.28695827677134933     
 -0.47749999999999998       -8.3391588941434572E-002  0.15062543124797606       0.30062358486524371     
 -0.47249999999999998       -8.4601868943171635E-002  0.12138184084325537       0.31449247948008724     
 -0.46750000000000003       -8.5860191402156283E-002   9.1791410312760266E-002  0.32756287767396558     
 -0.46250000000000002       -8.7262323531695912E-002   6.1815347979783747E-002  0.33895080567226843     
 -0.45750000000000002       -8.8930999159726923E-002   3.1417340032722403E-002  0.34762035748074011     
 -0.45250000000000001       -9.0902846041974378E-002   6.2718834755417033E-004  0.35285191770013657     
 -0.44750000000000001       -9.3214826277445706E-002  -3.0517353370412007E-002  0.35381751742306572     
 -0.44250000000000000       -9.5883090930532544E-002  -6.1955499633833455E-002  0.34969150520443187     
 -0.43750000000000000       -9.8900974100236252E-002  -9.3519697954949951E-002  0.33983666486375691     
 -0.43250000000000000      -0.10217872845415325      -0.12492558110740558       0.32389159926071093     
 -0.42749999999999999      -0.10563329823133077      -0.15572092200639759       0.30215412490928917     
 -0.42249999999999999      -0.10914026272540699      -0.18544122245221537       0.27513237670690038     
 -0.41749999999999998      -0.11260234170215545      -0.21347567827632929       0.24400491055534426     
 -0.41249999999999998      -0.11590710162130104      -0.23910033314188098       0.21050935457392647     
 -0.40749999999999997      -0.11902247186109358      -0.26181967181989241       0.17613511743080801     
 -0.40249999999999997      -0.12186461118354519      -0.28091319521142699       0.14322874169061864     
 -0.39749999999999996      -0.12455162923768512      -0.29629497993556808       0.11267278518806649     
 -0.39250000000000002      -0.12717521993090347      -0.30783037791188339        8.5755096472001940E-002
 -0.38750000000000001      -0.12983407474415037      -0.31556218928026214        6.3522453387111724E-002
 -0.38250000000000001      -0.13254510191729468      -0.31991562012973651        4.5910420702534059E-002
 -0.37750000000000000      -0.13548944334769000      -0.32184249637045620        3.2159813237897704E-002
 -0.37250000000000000      -0.13876665839013028      -0.32133252757794589        2.2784073033123790E-002
 -0.36749999999999999      -0.14230497018013288      -0.31897925007380395        1.6441867028878818E-002
 -0.36249999999999999      -0.14628571101928092      -0.31516835494550027        1.2906448523699921E-002
 -0.35749999999999998      -0.15063832377160485      -0.31038064851347913        1.1358937068123992E-002
 -0.35250000000000004      -0.15522433746378028      -0.30476363247984500        1.2331348788155483E-002
 -0.34750000000000003      -0.15998502334614723      -0.29813341670987870        1.5937834671613686E-002
 -0.34250000000000003      -0.16495851759607172      -0.29075107518116633        2.1863484791006985E-002
 -0.33750000000000002      -0.17005053771193313      -0.28233902904829539        3.1135608032907297E-002
 -0.33250000000000002      -0.17500908401867812      -0.27271996784470431        4.5017510695863378E-002
 -0.32750000000000001      -0.17936104968275776      -0.26125942523386353        6.3800599173388234E-002
 -0.32250000000000001      -0.18286350275252139      -0.24783832854378607        8.7949366129732323E-002
 -0.31750000000000000      -0.18535093276369405      -0.23187380269579039       0.11829124573307691     
 -0.31250000000000000      -0.18650471636484933      -0.21298890892552488       0.15541454455259962     
 -0.30750000000000000      -0.18625643411180248      -0.19128088379494940       0.19832623913798392     
 -0.30249999999999999      -0.18440452663676593      -0.16668360422266137       0.24691691927921747     
 -0.29749999999999999      -0.18080477503294376      -0.13940086132226587       0.29950460481827718     
 -0.29249999999999998      -0.17560776523255336      -0.10986974318332070       0.35385191691264661     
 -0.28749999999999998      -0.16895395261943094       -7.8543857217480098E-002  0.40807164468832452     
 -0.28249999999999997      -0.16095569794668985       -4.5818642583937280E-002  0.46070057021377392     
 -0.27749999999999997      -0.15183556993847347       -1.2252797071490251E-002  0.50924591670986064     
 -0.27249999999999996      -0.14178337382476994        2.1666151324611901E-002  0.55354062414012761     
 -0.26749999999999996      -0.13093221008863040        5.5561690254134703E-002  0.59241112358423531     
 -0.26249999999999996      -0.11940574591277750        8.9098338223018408E-002  0.62613294773188166     
 -0.25750000000000001      -0.10731236836122021       0.12198611472668770       0.65467767826368350     
 -0.25250000000000000       -9.4658860212159524E-002  0.15409386718094145       0.67906432331135180     
 -0.24750000000000000       -8.1512880493916376E-002  0.18523415966157594       0.69942860346693581     
 -0.24249999999999999       -6.7833124973142783E-002  0.21531405655780689       0.71715073655124428     
 -0.23749999999999999       -5.3629038861026615E-002  0.24410025558979712       0.73288364059335365     
 -0.23249999999999998       -3.8907421471450314E-002  0.27138088333427790       0.74729518844680876     
 -0.22749999999999998       -2.3669611076078290E-002  0.29693098889339242       0.76116289974932361     
 -0.22249999999999998       -7.9415237045263164E-003  0.32046708068897045       0.77473119192376638     
 -0.21749999999999997        8.1799794442046474E-003  0.34172750787722483       0.78774569243000203     
 -0.21249999999999997        2.4653413801732416E-002  0.36056629089988906       0.80069103633049499     
 -0.20750000000000002        4.1398152971985139E-002  0.37679802105523963       0.81332147139065170     
 -0.20250000000000001        5.8308824387494143E-002  0.39026235641352552       0.82527919875700084     
 -0.19750000000000001        7.5287389979501768E-002  0.40081989383197897       0.83679787109620418     
 -0.19250000000000000        9.2155565649428492E-002  0.40818152680485847       0.84740376398373185     
 -0.18750000000000000       0.10876045506415723       0.41220119404364719       0.85698977714209645     
 -0.18250000000000000       0.12497283458122860       0.41281796830712780       0.86507928306045878     
 -0.17749999999999999       0.14057871472039635       0.41015046645680919       0.87181295228282196     
 -0.17249999999999999       0.15541975853309620       0.40429993575157153       0.87727055972189427     
 -0.16749999999999998       0.16947723148096891       0.39520549479049494       0.88083097927182552     
 -0.16249999999999998       0.18265453651022290       0.38301987176984909       0.88272269408433823     
 -0.15749999999999997       0.19483818416698911       0.36794013583407836       0.88331865979122881     
 -0.15249999999999997       0.20599002340955958       0.35005567436534674       0.88206296256875727     
 -0.14749999999999996       0.21611988427366574       0.32950060837558465       0.87809260027099634     
 -0.14250000000000002       0.22525515531739077       0.30663128233590464       0.87130928413021225     
 -0.13750000000000001       0.23345329334749418       0.28154540090756036       0.86104904317501607     
 -0.13250000000000001       0.24082185422679966       0.25431463331384285       0.84631386384307383     
 -0.12750000000000000       0.24738284471139449       0.22506522502418136       0.82655095878329909     
 -0.12250000000000000       0.25337044306796969       0.19377062844928855       0.80027158200394155     
 -0.11749999999999999       0.25911965003835219       0.16009338711732682       0.76423887864554374     
 -0.11249999999999999       0.26432850737645397       0.12467321858872381       0.72036680225284044     
 -0.10749999999999998       0.26918487403751851        8.7421453864319654E-002  0.66618960203535682     
 -0.10249999999999998       0.27343795527957865        4.8708977608584461E-002  0.60200350066951480     
  -9.7499999999999976E-002  0.27683103474218068        9.0960657687287633E-003  0.52923570663774899     
  -9.2499999999999971E-002  0.27889700642058085       -3.0558140761055053E-002  0.45091541252745804     
  -8.7499999999999967E-002  0.27920489855750524       -6.9260075069654814E-002  0.37053353497943980     
  -8.2499999999999962E-002  0.27720021848824350      -0.10577449544209533       0.29340451290740532     
  -7.7500000000000013E-002  0.27274701858106198      -0.13910955621791027       0.22325135078855571     
  -7.2500000000000009E-002  0.26579093458670139      -0.16839619941879408       0.16300694086892353     
  -6.7500000000000004E-002  0.25653934815509050      -0.19323279326881002       0.11371740122284955     
  -6.2500000000000000E-002  0.24511372084095237      -0.21329378363061161        7.7446828089792918E-002
  -5.7499999999999996E-002  0.23223050310504034      -0.22924029897040918        5.0620427607086203E-002
  -5.2499999999999991E-002  0.21822443113172219      -0.24151559995522734        3.1317046547723659E-002
  -4.7499999999999987E-002  0.20341879180089914      -0.25072632168338371        1.9249241977140275E-002
  -4.2499999999999982E-002  0.18841658703792361      -0.25653990942680427        1.3148375512814914E-002
  -3.7499999999999978E-002  0.17342007521346584      -0.26256845458184730        6.3784293080304966E-003
  -3.2499999999999973E-002  0.15857569163573546      -0.26610141546592575        3.8199909994736207E-003
  -2.7499999999999969E-002  0.14403583069810577      -0.26885502910089137        2.3389440846621075E-003
  -2.2499999999999964E-002  0.12990753130894697      -0.27105642175618466        1.1950047360510551E-003
  -1.7500000000000016E-002  0.11615427918350169      -0.27254859509153045        1.0309210537913782E-003
  -1.2500000000000011E-002  0.10263341773380362      -0.27374418384894733        6.3358364300740498E-004
  -7.5000000000000067E-003   8.9205421556826286E-002 -0.27441041924141063        4.1162821442104823E-004
  -2.5000000000000022E-003   7.5772685062298992E-002 -0.27498282903896254        3.4821513315837709E-005
   2.5000000000000022E-003   6.2850016223184577E-002 -0.27494032663801010        1.9690977915376410E-004
   7.5000000000000067E-003   5.0242097248558437E-002 -0.27478963052322536        1.5327072817344128E-004
   1.2500000000000011E-002   3.8030495983378480E-002 -0.27433802282250092        1.3110676082405147E-004
   1.7500000000000016E-002   2.6013111743394220E-002 -0.27320541732327064        1.0862330112711469E-004
   2.2500000000000020E-002   1.3673430168318776E-002 -0.27264635772734086        9.1454087555425904E-005
   2.7500000000000024E-002   1.7328902095179531E-003 -0.27121789631121590        1.7663282232137375E-004
   3.2500000000000029E-002  -1.0373212217117865E-002 -0.26935323637657166        3.3821394581328411E-004
   3.7500000000000033E-002  -2.2535805977704857E-002 -0.26754379446976595        4.4761320103257803E-004
   4.2500000000000038E-002  -3.4667470204054328E-002 -0.26538898640375641        6.2962690898386300E-004
   4.7500000000000042E-002  -4.6790293231769337E-002 -0.26296261735419446        8.7961249298516115E-004
   5.2500000000000047E-002  -5.9079570883428120E-002 -0.26023956555863742        6.6783699882308793E-004
   5.7500000000000051E-002  -7.1500410227169423E-002 -0.25679584051405058        1.7382090968117833E-003
   6.2500000000000056E-002  -8.3915261764650875E-002 -0.25293984957103105        2.4900887445451778E-003
   6.7500000000000060E-002  -9.6027959708924845E-002 -0.24820092598422205        3.9894598895553416E-003
   7.2500000000000064E-002 -0.10826444554469439      -0.24275177624684863        5.8705606328694022E-003
   7.7500000000000069E-002 -0.12043954634097193      -0.23641235564953786        9.0852002491693829E-003
   8.2499999999999962E-002 -0.13252552561204636      -0.22920953286922807        1.2738213706877060E-002
   8.7499999999999967E-002 -0.14443421754791105      -0.22093524147882401        1.7929873490796725E-002
   9.2499999999999971E-002 -0.15603290392227814      -0.21145765347168274        2.5522261676743697E-002
   9.7499999999999976E-002 -0.16716069319168220      -0.20060848571975565        3.6020548519415455E-002
  0.10249999999999998      -0.17747313027016270      -0.18811870051045898        5.0312120627899505E-002
  0.10749999999999998      -0.18702122923581174      -0.17413543579095533        6.8545103108019090E-002
  0.11249999999999999      -0.19565409314704318      -0.15857244403269050        9.0675296624042917E-002
  0.11749999999999999      -0.20313584863529172      -0.14156858599551872       0.11779110401776122     
  0.12250000000000000      -0.20943851413622216      -0.12351584050383625       0.14830299807696845     
  0.12750000000000000      -0.21467008973146065      -0.10475467944026719       0.18084667986601360     
  0.13250000000000001      -0.21841202671243165       -8.5003639683145199E-002  0.21846953648136713     
  0.13750000000000001      -0.22124990274919473       -6.5018141601429408E-002  0.25686847788676914     
  0.14250000000000002      -0.22303192114010889       -4.4874710534963801E-002  0.29637786507215141     
  0.14750000000000002      -0.22380256744979923       -2.4862951614964816E-002  0.33569351646256013     
  0.15250000000000002      -0.22360006011398029       -5.2884831185321911E-003  0.37355777013843811     
  0.15750000000000003      -0.22253493809440944        1.3720622137175209E-002  0.40870165626331950     
  0.16250000000000003      -0.22062015510273747        3.2086644662805593E-002  0.44131923079445784     
  0.16750000000000004      -0.21788939358841058        4.9743271473463725E-002  0.47036045552176270     
  0.17250000000000004      -0.21427081194177697        6.6570843797499973E-002  0.49547871127303944     
  0.17750000000000005      -0.20968051156718642        8.2417161775439354E-002  0.51649972686415890     
  0.18250000000000005      -0.20402676508153361        9.7186278272542809E-002  0.53345053333058501     
  0.18750000000000006      -0.19721966077940789       0.11079862777338696       0.54641435768219104     
  0.19250000000000006      -0.18929959595849416       0.12323793953499040       0.55537332636691239     
  0.19750000000000006      -0.18006188633614381       0.13423522195255899       0.55990744977941764     
  0.20250000000000007      -0.16954355911330737       0.14358799062486038       0.56026290160312187     
  0.20749999999999996      -0.15768444672108795       0.15116305029915098       0.55661733294917182     
  0.21249999999999997      -0.14452026942948729       0.15690526244340858       0.54896445887814826     
  0.21749999999999997      -0.13003157687699646       0.16074599339327619       0.53755752979854310     
  0.22249999999999998      -0.11436401924881312       0.16249876307403571       0.52259987364134186     
  0.22749999999999998       -9.7612130479892353E-002  0.16185114092458858       0.50385472870976822     
  0.23249999999999998       -8.0015296906269753E-002  0.15858745963382367       0.48129264879633749     
  0.23749999999999999       -6.1688913530825416E-002  0.15261844750918360       0.45484320640947129     
  0.24249999999999999       -4.2827568262141576E-002  0.14407255341180639       0.42498005963768731     
  0.24750000000000000       -2.3546669485555255E-002  0.13310607135591140       0.39164728605319094     
  0.25250000000000000       -4.1613534108464910E-003  0.11995203400181680       0.35508274574146020     
  0.25750000000000001        1.4705351688029982E-002  0.10494689336337414       0.31677313203898344     
  0.26250000000000001        3.2743540353768974E-002   8.8438412717703321E-002  0.27824970333360449     
  0.26750000000000002        4.9847128339425742E-002   7.0562152939137368E-002  0.23980476962293196     
  0.27250000000000002        6.5639096650748033E-002   5.1535712501031491E-002  0.20260913290069529     
  0.27750000000000002        7.9674344146854148E-002   3.1834745333341741E-002  0.16802930110688732     
  0.28250000000000003        9.1720353887690551E-002   1.1499376691090201E-002  0.13636807495826508     
  0.28750000000000003       0.10106561826517389       -8.9746569609591882E-003  0.10919207263092649     
  0.29250000000000004       0.10957522406466563       -3.0098223350598325E-002   8.0045298714053775E-002
  0.29750000000000004       0.11493577176636222       -4.9720560910286357E-002   5.8601225816019051E-002
  0.30250000000000005       0.11817940691230942       -6.8032897811766579E-002   4.1561689197303422E-002
  0.30750000000000005       0.11947991997427110       -8.4984980826589465E-002   2.8796358879615989E-002
  0.31250000000000006       0.11920527459297527      -0.10066326321224617        1.9851904429699346E-002
  0.31750000000000006       0.11737157210265298      -0.11569444013181528        1.3501388891311051E-002
  0.32250000000000006       0.11455662808836647      -0.13028468913118912        8.3937199222550440E-003
  0.32750000000000007       0.10777029293455026      -0.14212745865438106        1.2983981144243262E-002
  0.33250000000000007       0.10634009130346080      -0.15656867448134731        4.4369895005069377E-003
  0.33749999999999997       0.10097023105568731      -0.16799798741980493        5.7406367856343782E-003
  0.34249999999999997        9.5292037824232692E-002 -0.17795972594468976        8.2899042844129522E-003
  0.34749999999999998        8.8776688273344465E-002 -0.18597156538810861        1.3451703983179518E-002
  0.35249999999999998        8.1803635578978739E-002 -0.19107705556528967        2.2220962849120635E-002
  0.35749999999999998        7.4232510578845237E-002 -0.19276594663754731        3.5293130502390337E-002
  0.36249999999999999        6.6203425878301247E-002 -0.18932042145322733        5.3135154317700613E-002
  0.36749999999999999        5.7820252091959637E-002 -0.18094311512034983        7.6952481805823647E-002
  0.37250000000000000        4.8962816480810599E-002 -0.16569297361793620       0.10759302969386862     
  0.37750000000000000        3.9662713019587272E-002 -0.14286920730010214       0.14499758724134026     
  0.38250000000000001        3.0053597261149648E-002 -0.11302570112860520       0.18653481212176951     
  0.38750000000000001        2.0263060631880811E-002  -7.6065749465618435E-002  0.23089168974476168     
  0.39250000000000002        1.0424000566219199E-002  -3.3288133395417009E-002  0.27510818029944656     
  0.39750000000000002        7.4071959224339911E-004   1.4138926511974922E-002  0.31630118281702119     
  0.40250000000000002       -8.6482242435188747E-003   6.4852234583214388E-002  0.35212855637545498     
  0.40750000000000003       -1.7583355019336826E-002  0.11757403831948218       0.38107422278375513     
  0.41250000000000003       -2.5882547014313383E-002  0.17112956462369677       0.40295234462768692     
  0.41750000000000004       -3.3385318312464031E-002  0.22442949189727771       0.41856276700599121     
  0.42250000000000004       -3.9941615345493654E-002  0.27650161832953130       0.42968498473073713     
  0.42750000000000005       -4.5426977982076261E-002  0.32593784191700115       0.43732918598342785     
  0.43250000000000005       -4.9817445138958014E-002  0.37141668088633395       0.44294590385092952     
  0.43750000000000006       -5.3206954713586815E-002  0.41139794883697889       0.44639358731568940     
  0.44250000000000006       -5.5651684523178854E-002  0.44419841365073592       0.44673604035270553     
  0.44750000000000006       -5.7378047935210313E-002  0.46825579503854053       0.44245022959350494     
  0.45250000000000007       -5.8611010487733151E-002  0.48261474596837439       0.43243271411351814     
  0.45750000000000007       -5.9609422799646893E-002  0.48673803912744301       0.41584558567174379     
  0.46249999999999997       -6.0633913954461931E-002  0.48107555413578068       0.39340591939067648     
  0.46749999999999997       -6.1901113808914741E-002  0.46676041213983771       0.36687299167642595     
  0.47249999999999998       -6.3517501480555558E-002  0.44544971449748516       0.33870747875607865     
  0.47749999999999998       -6.5541880127803653E-002  0.41918368504616332       0.31184806629386952     
  0.48249999999999998       -6.7808533832184867E-002  0.38987512442940525       0.28878241525603610     
  0.48749999999999999       -7.0214188096477587E-002  0.35916414094135940       0.27139596597801680     
  0.49249999999999999       -7.2643727922477072E-002  0.32822812646197280       0.26070439838797005     
  0.49750000000000000       -7.5048770191588357E-002  0.29756640278915947       0.25655205584642887     
