 -0.99500000000000000       -5354735.0933706146       -622119557.66487586       0.99936199188232422     
 -0.98499999999999999       -1.0443316305551308E-002   5.3471063338906980E-003  0.99999999999996381     
 -0.97499999999999998       -1.0040559583416907E-003   1.8358425013611309E-003  0.99999999999998301     
 -0.96499999999999997       -5.1061328880579191E-003   9.0261753378237282E-003  0.99999999999998279     
 -0.95499999999999996       -2.0047298001680718E-003   2.4977818398984535E-002   1.0000000000000138     
 -0.94499999999999995       -7.3639641299816528E-003   2.9935127083743553E-002  0.99999999999988298     
 -0.93500000000000005       -3.3873980208375979E-003  -6.8946662133812925E-003  0.99999999999991851     
 -0.92500000000000004        1.9377266515512313E-004  -1.6231384883020467E-002  0.99999999999984390     
 -0.91500000000000004        1.4038704233897623E-003 -0.21015046102922866        1.0000000000021547     
 -0.90500000000000003       -8.2909606225265355E-003  -1.7288925528699914E-002  0.99999999999946554     
 -0.89500000000000002       -2.2498258676232064E-002 -0.11012892777556593       0.99999999999705746     
 -0.88500000000000001       -1.7147298546589535E-003   3.8711799041614962E-004  0.99999999999912426     
 -0.87500000000000000        89776999.760334030        275149841.29774487        1.0016632080078125     
 -0.86499999999999999       -3.7370865650204282E-003  -2.1058670902833849E-003  0.99999999999738842     
 -0.85499999999999998       0.20874623578389945       0.18184360182522480       0.99999999997620392     
 -0.84499999999999997       -2.3522727761001901E-003  -2.1504993468839688E-003  0.99999999999226630     
 -0.83499999999999996       -2.3545273193940580E-003  -2.5132929824308635E-003  0.99999999998670419     
 -0.82499999999999996       -1.6789548064096624E-003  -2.2494935549652885E-003  0.99999999998413958     
 -0.81499999999999995       -3.5877652536795012E-003  -2.2403541526838174E-003  0.99999999996016309     
 -0.80499999999999994      -0.12648370378296087       0.14290831588108491        1.0000000013497896     
 -0.79499999999999993       -2.0371641089406167E-003  -2.8445188314843309E-003  0.99999999988262056     
 -0.78500000000000003      -0.12130764934522542       -9.0401818168938497E-002   1.0000000082872162     
 -0.77500000000000002       -4.7588710486552652E-003   3.5594653155981552E-003  0.99999999956588359     
 -0.76500000000000001       -2.6599856187129733E-003  -1.6243328925620376E-003  0.99999999939411244     
 -0.75500000000000000      -0.69471672726813793        4.8985778236597479        1.0000001443716542     
 -0.74500000000000000       -2.0711347988799124E-003  -2.5678112136314902E-003  0.99999999823885377     
 -0.73499999999999999       -4.7475206860378722E-003  -2.5542664820571333E-003   1.0000000007564602     
 -0.72499999999999998       -1.8095436261149371E-003  -2.7579876648744532E-003  0.99999999492413738     
 -0.71499999999999997        2.2249830936362713E-003  -1.8111070608856918E-003   1.0000000008681682     
 -0.70500000000000007        1.8033531124432303E-002   6.5872127346971931E-003  0.99999982695359402     
 -0.69500000000000006       -6.9546311652280985E-004  -2.5188206855802889E-003  0.99999997611134195     
 -0.68500000000000005       -3.5559188519089670E-004  -2.5162235298154438E-003  0.99999995971647493     
 -0.67500000000000004        1.4649973842699590E-004  -2.3897672331432539E-003  0.99999993142450283     
 -0.66500000000000004        8.3097909928804808E-004  -2.3432286739262995E-003  0.99999988851729538     
 -0.65500000000000003        1.5751674705030254E-003  -2.2551867288031339E-003  0.99999980965519131     
 -0.64500000000000002        2.1678620118386273E-003  -2.1189980345334837E-003  0.99999969842804493     
 -0.63500000000000001        2.9411613224961746E-003  -1.8604709746348883E-003  0.99999949386117681     
 -0.62500000000000000        3.8828415358900196E-003  -1.2750569807181743E-003  0.99999917787981163     
 -0.61499999999999999        4.8198944878339329E-003  -8.1195998965919987E-004  0.99999895073812017     
 -0.60499999999999998        7.5567902770073778E-003  -4.4847525500523074E-004  0.99999627757960496     
 -0.59499999999999997        7.8797316956586479E-003   5.1358297339405151E-004  0.99999599388720450     
 -0.58499999999999996        1.0001318232090380E-002   1.7050913579220645E-003  0.99999448084340237     
 -0.57499999999999996        1.0915124086939764E-002   2.0650529549061727E-003  0.99998914705861630     
 -0.56499999999999995        1.3608864937487770E-002   3.8416752404058039E-003  0.99998218722437771     
 -0.55499999999999994        1.5761519629935772E-002   5.2399797113672538E-003  0.99997041274181808     
 -0.54499999999999993        1.8416107932561213E-002   7.2669802745909430E-003  0.99995066371161823     
 -0.53499999999999992        2.1262539101941241E-002   9.5012146210094409E-003  0.99991664059756402     
 -0.52499999999999991        2.4640356400160025E-002   1.2007020925874568E-002  0.99987569365271356     
 -0.51500000000000001        2.8064771906957081E-002   1.5172394979681756E-002  0.99978401745774981     
 -0.50500000000000000        3.1697439754158972E-002   1.8853007699840916E-002  0.99968416138647209     
 -0.49500000000000000        3.5515210669302168E-002   2.3145513582611851E-002  0.99940374278205268     
 -0.48499999999999999        3.9077874468005917E-002   2.8157542974408496E-002  0.99888476306003127     
 -0.47499999999999998        4.2756454690317074E-002   3.3760341877274294E-002  0.99828748533978096     
 -0.46499999999999997        4.5816156566563994E-002   4.0273719396851447E-002  0.99737273118935776     
 -0.45499999999999996        4.8141772862780798E-002   4.7160180186864770E-002  0.99565217758886537     
 -0.44499999999999995        4.9096128560560864E-002   5.4608085853063107E-002  0.99332546098372621     
 -0.43499999999999994        4.8371811693345285E-002   6.2001074572507392E-002  0.98985613510772219     
 -0.42499999999999993        4.5101453387650980E-002   6.8824928793909043E-002  0.98519530541605527     
 -0.41500000000000004        3.9126805599290347E-002   7.4544230763458313E-002  0.97920191825595970     
 -0.40500000000000003        2.9880053829966929E-002   7.8181574023223663E-002  0.97229024297997113     
 -0.39500000000000002        1.7213025842055155E-002   7.8997093449252972E-002  0.96480812560381546     
 -0.38500000000000001        1.5474819638693132E-003   7.6208104440209007E-002  0.95706717047448242     
 -0.37500000000000000       -1.6472634017164464E-002   6.9365523872126258E-002  0.94947374008801222     
 -0.36499999999999999       -3.5981218525486983E-002   5.8043522978661159E-002  0.94132062583404630     
 -0.35499999999999998       -5.5959785642383679E-002   4.2254661738143011E-002  0.93082201616784821     
 -0.34499999999999997       -7.5410173862325625E-002   2.2342377332847517E-002  0.91353620063593066     
 -0.33499999999999996       -9.3107914630824309E-002  -1.2252176707782327E-003  0.88208847121564671     
 -0.32499999999999996      -0.10807493783600641       -2.7899950383134565E-002  0.82534481428348105     
 -0.31499999999999995      -0.11983071972729635       -5.7016207644130248E-002  0.73094816933566176     
 -0.30499999999999994      -0.12821081105880208       -8.7960340193293157E-002  0.59706181946370684     
 -0.29499999999999993      -0.13330199788248809      -0.12013009613674584       0.43897992344363274     
 -0.28500000000000003      -0.13546517983238993      -0.15287745950262865       0.28499766189922976     
 -0.27500000000000002      -0.13512578471341985      -0.18579483296890709       0.16361710218573686     
 -0.26500000000000001      -0.13255415956084207      -0.21857085863276626        8.5335767176647620E-002
 -0.25500000000000000      -0.12808944787932841      -0.25089893469729418        4.3459487168590695E-002
 -0.24500000000000000      -0.12237219391961068      -0.28241700642325862        2.3118113739419327E-002
 -0.23499999999999999      -0.11581714846517521      -0.31350522600496822        1.4226416255140935E-002
 -0.22499999999999998      -0.10864201854822324      -0.34333618551207518        9.9777986439606638E-003
 -0.21499999999999997      -0.10078745296853318      -0.37191993276543234        7.5706287310271410E-003
 -0.20499999999999996       -9.2391398284718984E-002 -0.39905588929775110        6.0561243716274211E-003
 -0.19499999999999995       -8.3556792289878154E-002 -0.42440402544222261        4.9566711638592935E-003
 -0.18499999999999994       -7.4185892109156978E-002 -0.44763417596602367        4.1055636849626001E-003
 -0.17499999999999993       -6.4146505812011659E-002 -0.46795290519249483        3.6869324668941540E-003
 -0.16499999999999992       -5.3285206330745141E-002 -0.48518182931745985        3.1129529133859736E-003
 -0.15500000000000003       -4.2380978825957934E-002 -0.49911275371652908        2.6702371197948813E-003
 -0.14500000000000002       -3.1593169372124356E-002 -0.50927719139881866        2.4444877278434001E-003
 -0.13500000000000001       -2.0690486538871514E-002 -0.51519600269977284        2.1292273625723506E-003
 -0.12500000000000000       -9.7707666453629733E-003 -0.51683383628863100        2.0744738229456676E-003
 -0.11499999999999999        1.6346830175702578E-003 -0.51501559183652190        1.4450290062255153E-003
 -0.10499999999999998        1.2006245124473933E-002 -0.50756570161497538        1.5977020653284639E-003
  -9.4999999999999973E-002   2.1735200151202179E-002 -0.49632986120572220        1.7179744141180369E-003
  -8.4999999999999964E-002   3.1286111425022543E-002 -0.48164804748802825        1.8827310751476031E-003
  -7.4999999999999956E-002   3.9886315026327390E-002 -0.46407238718114119        9.5178839107848878E-004
  -6.4999999999999947E-002   4.7279030843292713E-002 -0.44282498305513945        6.2794105615178171E-004
  -5.4999999999999938E-002   5.3929134654414700E-002 -0.41867572469563846        9.9382484126216402E-004
  -4.4999999999999929E-002   5.9131470210814496E-002 -0.39464329988904701       -1.0810806450896654E-003
  -3.5000000000000031E-002   6.2764241363384127E-002 -0.36750652635483777        8.2338850287484559E-004
  -2.5000000000000022E-002   6.6727797520188176E-002 -0.34094709909205767        5.8919849581293127E-004
  -1.5000000000000013E-002   6.8881209145797678E-002 -0.31396686557733372        3.4749326495805380E-004
  -5.0000000000000044E-003   6.9705795878029747E-002 -0.28784050128505106        2.1982656661637787E-004
   5.0000000000000044E-003   6.9050903674268846E-002 -0.26216149526371563        2.3309711289370313E-004
   1.5000000000000013E-002   6.8591374489020987E-002 -0.23812924132489821        3.3462541123245211E-005
   2.5000000000000022E-002   6.6808336690418260E-002 -0.21521098156654142        3.6886153721353150E-005
   3.5000000000000031E-002   6.4376131702647346E-002 -0.19360142815265424        5.9257762944740030E-005
   4.5000000000000040E-002   6.1572397921808381E-002 -0.17400290297125698        6.5945062935407651E-005
   5.5000000000000049E-002   5.9135832294494130E-002 -0.15629260218496502       -6.4435867304985401E-005
   6.5000000000000058E-002   5.5138635457947879E-002 -0.13967579911964104        3.4445750499618648E-005
   7.5000000000000067E-002   5.1459675942930015E-002 -0.12511914447588923        1.4063548674215605E-005
   8.5000000000000075E-002   4.8139852419406513E-002 -0.11197317672535492        1.7378044765580757E-005
   9.5000000000000084E-002   4.0233233087501957E-002  -9.7867064967589901E-002   9.0733656088795028E-005
  0.10500000000000009        5.6332733165425988E-002  -8.7403983770143134E-002  -1.1320775769365596E-004
  0.11500000000000010       -1.2857910459295296E-002  -8.9763985481183806E-002   7.8049506003156704E-005
  0.12500000000000011        3.2740886941900291E-002  -7.2868599405179854E-002   3.3723198013326723E-007
  0.13500000000000012        3.1867558845794244E-002  -6.5522362129712380E-002   3.6886294512635487E-006
  0.14500000000000013        5.5900622325357030E-002  -4.6465954732531456E-002  -7.1731235081478489E-006
  0.15500000000000014        2.6461833448469280E-002  -5.3565701946350505E-002   1.8289524989530595E-006
  0.16499999999999992        2.4013460851496082E-002  -4.8034029444298021E-002   1.1804057883910306E-006
  0.17499999999999993        2.2318670028306051E-002  -4.4273313714633972E-002   8.5363170088423768E-007
  0.18499999999999994        1.9820295452021720E-002  -4.0466138092148690E-002   6.2038699264194632E-007
  0.19499999999999995       -13958249.453397095       -1652572.2865175605       -265.12318711349189     
  0.20499999999999996        1.6276951121841871E-002  -3.4042723567918445E-002   2.8605099171607630E-007
  0.21499999999999997        19284334.575461686       -161477.21835601330        78.267460030542452     
  0.22499999999999998        1.3338990476320615E-002  -2.8876617532882762E-002   1.2756788320424867E-007
  0.23499999999999999        1.2012648172846077E-002  -2.6697673080139921E-002   8.2595265060718539E-008
  0.24500000000000000        1.0937674637571225E-002  -2.4708901448850320E-002   5.3231892243321016E-008
  0.25500000000000000        9.8535559446232632E-003  -2.3008775601200505E-002   3.6268096905204121E-008
  0.26500000000000001        8.7965638783104524E-003  -2.2920960953438742E-002   2.4778366417086305E-008
  0.27500000000000002        7.9746417374177547E-003  -1.9906183062952866E-002   1.5247114197984281E-008
  0.28500000000000003        3.9377972526074245        14.106139587558289       -2.9223087201965932E-006
  0.29500000000000004        6.5406575679609049E-003  -1.7386135229998181E-002   6.2435444756794581E-009
  0.30500000000000005        6.0844143241784851E-003  -1.5770559515558086E-002   4.0264402430971824E-009
  0.31500000000000006        5.3094939918379800E-003  -1.5160582887580666E-002   2.5744502376240773E-009
  0.32500000000000007        4.7427098459132729E-003  -1.4380427344409398E-002   1.5658561683790032E-009
  0.33500000000000008        4.2110427588520323E-003  -1.3480332890009135E-002   1.0910877140565032E-009
  0.34500000000000008        3.9420302684764980E-003  -1.2592561551536456E-002   5.9975377179865013E-010
  0.35500000000000009        3.5156232300341886E-003  -1.1862053800293508E-002   3.6846954854181973E-010
  0.36500000000000010        3.1825915161101293E-003  -1.1211097358249551E-002   2.2857281879963511E-010
  0.37500000000000011        3.0569905129539778E-003  -1.0610316177788938E-002   1.5549154625526894E-010
  0.38500000000000012        2.6217694717306913E-003  -9.9342932799853425E-003   8.6173715715593990E-011
  0.39500000000000013        2.3881398866579333E-003  -9.4058702415922308E-003   4.9575781694803544E-011
  0.40500000000000014        2.1234031516292303E-003  -8.9190931829739167E-003   3.2435599537636682E-011
  0.41499999999999992        1.9141407725440020E-003  -8.3901238842413808E-003   1.9227230597660205E-011
  0.42499999999999993        1.7313439139667838E-003  -7.9524596273641834E-003   1.1021857744223152E-011
  0.43499999999999994        1.6094874696481179E-003  -7.5097104030450246E-003   6.9731690493971333E-012
  0.44499999999999995        1.4113596054622008E-003  -7.1159302569135767E-003   4.2408126570691981E-012
  0.45499999999999996        1.2937573530538058E-003  -6.7346460551577364E-003   2.5031078098158165E-012
  0.46499999999999997        1.0583839338713444E-003  -6.4082925130957502E-003   1.1529176684723389E-012
  0.47499999999999998        1.0876580670166924E-003  -6.0362630662381886E-003   8.9024155122831074E-013
  0.48499999999999999        1.0419335437480283E-003  -5.7169294127472608E-003   4.8228617468091485E-013
  0.49500000000000000        8.7932578369064713E-004  -5.4235981154104754E-003   3.1375023956391775E-013
  0.50500000000000000        8.3735701331915063E-004  -5.1652797773464858E-003   1.7554888069129059E-013
  0.51500000000000001        7.8072374919317797E-004  -4.9191527131315109E-003   1.1058709318331935E-013
  0.52500000000000002        7.3722319388242873E-004  -4.6508746037000146E-003   6.4556004564878320E-014
  0.53500000000000003        6.5796104245142777E-004  -4.3979932824723730E-003   3.8816522772682511E-014
  0.54500000000000004        5.9887750607211297E-004  -4.2123539337073261E-003   2.3131145401266760E-014
  0.55500000000000005        5.5620825050360428E-004  -4.0213560816961978E-003   1.3564850332230751E-014
  0.56500000000000006        5.2610532406895539E-004  -3.8116466004505462E-003   7.9674245395372017E-015
  0.57500000000000007        4.7386616010353181E-004  -3.6195787269556402E-003   4.7557652513280052E-015
  0.58500000000000008        4.1853383031090506E-004  -3.5140871875463612E-003   2.7726222124656330E-015
  0.59500000000000008        4.3630013125058568E-004  -3.3301408468651016E-003   1.6241471699698072E-015
  0.60500000000000009        4.3546183270178404E-004  -3.1052510282721028E-003   9.6850216556367648E-016
  0.61500000000000010        3.6184305817897790E-004  -3.0473490865071508E-003   5.7379124498040792E-016
  0.62500000000000011        2.8026608569396558E-004  -2.9670940998982199E-003   3.3877625901349274E-016
  0.63500000000000012        3.3929433047861845E-004  -2.7873282863963302E-003   2.0428125948499665E-016
  0.64500000000000013        3.9610769792894048E-004  -2.6453283174928425E-003   1.1870053484019654E-016
  0.65500000000000014        2.8231998337653857E-004  -2.5716379352949685E-003   7.1723654083186083E-017
  0.66500000000000015        2.0513161197085073E-004  -2.5563159337455461E-003   4.1489807411172864E-017
  0.67499999999999993        2.6429424333908184E-004  -2.4529895606037505E-003   2.4822254632839467E-017
  0.68499999999999994        3.3058717587874052E-004  -2.2748146198406567E-003   1.4403410604809613E-017
  0.69499999999999995        3.4246011594189882E-004  -2.2589770430210764E-003   8.5823829824462445E-018
  0.70499999999999996        2.3004326986505194E-004  -2.3011389712082908E-003   4.9384481002560754E-018
  0.71499999999999997        2.5356899311530947E-004  -2.1808773304104068E-003   2.9513870084844807E-018
  0.72499999999999998        4.0135908375184113E-004  -2.0663792143475416E-003   1.6630346701719068E-018
  0.73499999999999999        4.1901480159782094E-004  -2.0458992977294773E-003   9.8557742162901907E-019
  0.74500000000000000        3.3958252417926472E-004  -2.0655854654062725E-003   5.4541845399757210E-019
  0.75500000000000000        2.9719029235894214E-004  -1.8691964214275643E-003   3.1447044725708102E-019
  0.76500000000000001        5.8893187641397818E-004  -1.6310940134584111E-003   1.7357355575888997E-019
  0.77500000000000002        6.4101581704927707E-004  -1.6038534896247814E-003   9.6503817062996322E-020
  0.78500000000000003        2.9821193396036504E-004  -1.4506777901456347E-003   5.3369758130936445E-020
  0.79500000000000004        3.4603900521123094E-004  -1.2793156718436487E-003   2.9437389458815169E-020
  0.80500000000000005        7.5773361185072082E-004  -1.3119290199528188E-003   1.5888098126730636E-020
  0.81500000000000006        7.6821972287765107E-004  -9.1699370304732322E-004   8.5979267149866798E-021
  0.82500000000000007        3.2310950757766309E-004  -5.2105782031391598E-004   4.5251779634223352E-021
  0.83500000000000008        2.2555533576984428E-004  -7.3361056509763914E-004   2.3970858273619901E-021
  0.84500000000000008        1.4698837907627712E-003   1.7973795877028145E-004   1.2135454112455803E-021
  0.85500000000000009        1.7486536033683301E-003   7.3897217834135304E-004   6.2678297053579903E-022
  0.86500000000000010        7.3134978520310757E-004  -8.2813447873144396E-005   3.1573789683036990E-022
  0.87500000000000011        1.3630592295008060E-003   4.1207749649500625E-005   1.5083323524423709E-022
  0.88500000000000012        3.2453743544209948E-003   1.9182711347074525E-003   7.6349071653984736E-023
  0.89500000000000013       -2.7437807170774494E-003  -2.3875901824309872E-003   3.8688638360832388E-023
  0.90500000000000014        1.9680829254660362E-003  -3.7423018619852800E-003   1.7400981994494109E-023
  0.91500000000000015        4.2280289396918867E-004  -2.6972193631345293E-004   7.6391603285750779E-024
  0.92499999999999993       -3.3214633681618954E-004   1.0540432816893617E-003   3.5795781821068316E-024
  0.93499999999999994        2.6078121854238213E-004  -1.4437388503127434E-003   1.6327772514833556E-024
  0.94499999999999995       -1.0363383694672415E-004  -1.0542976450231135E-003   7.5051583385688314E-025
  0.95499999999999996       -1.2196070587761434E-003   2.5116280600662819E-003   3.2097365110189512E-025
  0.96499999999999997       -6.1954355549976893E-003   1.1363823186214348E-002   1.6306891576891807E-025
  0.97499999999999998       -6.9458510361509215E-004  -2.4304828620057813E-003   6.5822187832401194E-026
  0.98499999999999999       -9.6809444458853620E-004   1.8786513496119783E-003   2.4243272604719749E-026
  0.99500000000000000       -5.0498567578702617E-004   2.5718883975987669E-003   1.1636136212967440E-026
